// Bun Snapshot v1, https://goo.gl/fbAQLP

exports[`parse 1`] = `
{
  "definitions": {
    "User": {
      "properties": {
        "email": {
          "type": "string",
        },
        "gender": {
          "type": "integer",
        },
        "id": {
          "type": "integer",
        },
        "name": {
          "type": "string",
        },
      },
      "required": [
        "id",
        "email",
        "gender",
      ],
      "type": "object",
    },
  },
}
`;
