// Bun Snapshot v1, https://goo.gl/fbAQLP

exports[`parse 1`] = `
{
  "children": {
    "entry": [
      {
        "children": {
          "Identifier": [
            {
              "endColumn": 4,
              "endLine": 2,
              "endOffset": 4,
              "image": "User",
              "startColumn": 1,
              "startLine": 2,
              "startOffset": 1,
              "tokenType": {
                "CATEGORIES": [],
                "PATTERN": undefined,
                "categoryMatches": [],
                "categoryMatchesMap": {},
                "isParent": false,
                "name": "Identifier",
                "tokenTypeIdx": 10,
              },
              "tokenTypeIdx": 10,
            },
          ],
          "LCurly": [
            {
              "endColumn": 6,
              "endLine": 2,
              "endOffset": 6,
              "image": "{",
              "startColumn": 6,
              "startLine": 2,
              "startOffset": 6,
              "tokenType": {
                "CATEGORIES": [],
                "PATTERN": undefined,
                "categoryMatches": [],
                "categoryMatchesMap": {},
                "isParent": false,
                "name": "LCurly",
                "tokenTypeIdx": 3,
              },
              "tokenTypeIdx": 3,
            },
          ],
          "RCurly": [
            {
              "endColumn": 1,
              "endLine": 7,
              "endOffset": 109,
              "image": "}",
              "startColumn": 1,
              "startLine": 7,
              "startOffset": 109,
              "tokenType": {
                "CATEGORIES": [],
                "PATTERN": undefined,
                "categoryMatches": [],
                "categoryMatchesMap": {},
                "isParent": false,
                "name": "RCurly",
                "tokenTypeIdx": 4,
              },
              "tokenTypeIdx": 4,
            },
          ],
          "property": [
            {
              "children": {
                "Colon": [
                  {
                    "endColumn": 33,
                    "endLine": 3,
                    "endOffset": 40,
                    "image": ":",
                    "startColumn": 33,
                    "startLine": 3,
                    "startOffset": 40,
                    "tokenType": {
                      "CATEGORIES": [],
                      "PATTERN": undefined,
                      "categoryMatches": [],
                      "categoryMatchesMap": {},
                      "isParent": false,
                      "name": "Colon",
                      "tokenTypeIdx": 8,
                    },
                    "tokenTypeIdx": 8,
                  },
                ],
                "Identifier": [
                  {
                    "endColumn": 4,
                    "endLine": 3,
                    "endOffset": 11,
                    "image": "id",
                    "startColumn": 3,
                    "startLine": 3,
                    "startOffset": 10,
                    "tokenType": {
                      "CATEGORIES": [],
                      "PATTERN": undefined,
                      "categoryMatches": [],
                      "categoryMatchesMap": {},
                      "isParent": false,
                      "name": "Identifier",
                      "tokenTypeIdx": 10,
                    },
                    "tokenTypeIdx": 10,
                  },
                  {
                    "endColumn": 37,
                    "endLine": 3,
                    "endOffset": 44,
                    "image": "int",
                    "startColumn": 35,
                    "startLine": 3,
                    "startOffset": 42,
                    "tokenType": {
                      "CATEGORIES": [],
                      "PATTERN": undefined,
                      "categoryMatches": [],
                      "categoryMatchesMap": {},
                      "isParent": false,
                      "name": "Identifier",
                      "tokenTypeIdx": 10,
                    },
                    "tokenTypeIdx": 10,
                  },
                ],
                "LBrace": [
                  {
                    "endColumn": 5,
                    "endLine": 3,
                    "endOffset": 12,
                    "image": "(",
                    "startColumn": 5,
                    "startLine": 3,
                    "startOffset": 12,
                    "tokenType": {
                      "CATEGORIES": [],
                      "PATTERN": undefined,
                      "categoryMatches": [],
                      "categoryMatchesMap": {},
                      "isParent": false,
                      "name": "LBrace",
                      "tokenTypeIdx": 5,
                    },
                    "tokenTypeIdx": 5,
                  },
                ],
                "RBrace": [
                  {
                    "endColumn": 32,
                    "endLine": 3,
                    "endOffset": 39,
                    "image": ")",
                    "startColumn": 32,
                    "startLine": 3,
                    "startOffset": 39,
                    "tokenType": {
                      "CATEGORIES": [],
                      "PATTERN": undefined,
                      "categoryMatches": [],
                      "categoryMatchesMap": {},
                      "isParent": false,
                      "name": "RBrace",
                      "tokenTypeIdx": 6,
                    },
                    "tokenTypeIdx": 6,
                  },
                ],
                "attribute": [
                  {
                    "children": {
                      "Identifier": [
                        {
                          "endColumn": 16,
                          "endLine": 3,
                          "endOffset": 23,
                          "image": "primary_key",
                          "startColumn": 6,
                          "startLine": 3,
                          "startOffset": 13,
                          "tokenType": {
                            "CATEGORIES": [],
                            "PATTERN": undefined,
                            "categoryMatches": [],
                            "categoryMatchesMap": {},
                            "isParent": false,
                            "name": "Identifier",
                            "tokenTypeIdx": 10,
                          },
                          "tokenTypeIdx": 10,
                        },
                      ],
                    },
                    "name": "attribute",
                  },
                  {
                    "children": {
                      "Identifier": [
                        {
                          "endColumn": 31,
                          "endLine": 3,
                          "endOffset": 38,
                          "image": "auto_increment",
                          "startColumn": 18,
                          "startLine": 3,
                          "startOffset": 25,
                          "tokenType": {
                            "CATEGORIES": [],
                            "PATTERN": undefined,
                            "categoryMatches": [],
                            "categoryMatchesMap": {},
                            "isParent": false,
                            "name": "Identifier",
                            "tokenTypeIdx": 10,
                          },
                          "tokenTypeIdx": 10,
                        },
                      ],
                    },
                    "name": "attribute",
                  },
                ],
              },
              "name": "property",
            },
            {
              "children": {
                "Colon": [
                  {
                    "endColumn": 8,
                    "endLine": 4,
                    "endOffset": 53,
                    "image": ":",
                    "startColumn": 8,
                    "startLine": 4,
                    "startOffset": 53,
                    "tokenType": {
                      "CATEGORIES": [],
                      "PATTERN": undefined,
                      "categoryMatches": [],
                      "categoryMatchesMap": {},
                      "isParent": false,
                      "name": "Colon",
                      "tokenTypeIdx": 8,
                    },
                    "tokenTypeIdx": 8,
                  },
                ],
                "Identifier": [
                  {
                    "endColumn": 6,
                    "endLine": 4,
                    "endOffset": 51,
                    "image": "name",
                    "startColumn": 3,
                    "startLine": 4,
                    "startOffset": 48,
                    "tokenType": {
                      "CATEGORIES": [],
                      "PATTERN": undefined,
                      "categoryMatches": [],
                      "categoryMatchesMap": {},
                      "isParent": false,
                      "name": "Identifier",
                      "tokenTypeIdx": 10,
                    },
                    "tokenTypeIdx": 10,
                  },
                  {
                    "endColumn": 13,
                    "endLine": 4,
                    "endOffset": 58,
                    "image": "text",
                    "startColumn": 10,
                    "startLine": 4,
                    "startOffset": 55,
                    "tokenType": {
                      "CATEGORIES": [],
                      "PATTERN": undefined,
                      "categoryMatches": [],
                      "categoryMatchesMap": {},
                      "isParent": false,
                      "name": "Identifier",
                      "tokenTypeIdx": 10,
                    },
                    "tokenTypeIdx": 10,
                  },
                ],
                "Optional": [
                  {
                    "endColumn": 7,
                    "endLine": 4,
                    "endOffset": 52,
                    "image": "?",
                    "startColumn": 7,
                    "startLine": 4,
                    "startOffset": 52,
                    "tokenType": {
                      "CATEGORIES": [],
                      "PATTERN": undefined,
                      "categoryMatches": [],
                      "categoryMatchesMap": {},
                      "isParent": false,
                      "name": "Optional",
                      "tokenTypeIdx": 7,
                    },
                    "tokenTypeIdx": 7,
                  },
                ],
              },
              "name": "property",
            },
            {
              "children": {
                "Colon": [
                  {
                    "endColumn": 16,
                    "endLine": 5,
                    "endOffset": 75,
                    "image": ":",
                    "startColumn": 16,
                    "startLine": 5,
                    "startOffset": 75,
                    "tokenType": {
                      "CATEGORIES": [],
                      "PATTERN": undefined,
                      "categoryMatches": [],
                      "categoryMatchesMap": {},
                      "isParent": false,
                      "name": "Colon",
                      "tokenTypeIdx": 8,
                    },
                    "tokenTypeIdx": 8,
                  },
                ],
                "Comma": [
                  {
                    "endColumn": 22,
                    "endLine": 5,
                    "endOffset": 81,
                    "image": ",",
                    "startColumn": 22,
                    "startLine": 5,
                    "startOffset": 81,
                    "tokenType": {
                      "CATEGORIES": [],
                      "PATTERN": undefined,
                      "categoryMatches": [],
                      "categoryMatchesMap": {},
                      "isParent": false,
                      "name": "Comma",
                      "tokenTypeIdx": 9,
                    },
                    "tokenTypeIdx": 9,
                  },
                ],
                "Identifier": [
                  {
                    "endColumn": 7,
                    "endLine": 5,
                    "endOffset": 66,
                    "image": "email",
                    "startColumn": 3,
                    "startLine": 5,
                    "startOffset": 62,
                    "tokenType": {
                      "CATEGORIES": [],
                      "PATTERN": undefined,
                      "categoryMatches": [],
                      "categoryMatchesMap": {},
                      "isParent": false,
                      "name": "Identifier",
                      "tokenTypeIdx": 10,
                    },
                    "tokenTypeIdx": 10,
                  },
                  {
                    "endColumn": 21,
                    "endLine": 5,
                    "endOffset": 80,
                    "image": "text",
                    "startColumn": 18,
                    "startLine": 5,
                    "startOffset": 77,
                    "tokenType": {
                      "CATEGORIES": [],
                      "PATTERN": undefined,
                      "categoryMatches": [],
                      "categoryMatchesMap": {},
                      "isParent": false,
                      "name": "Identifier",
                      "tokenTypeIdx": 10,
                    },
                    "tokenTypeIdx": 10,
                  },
                ],
                "LBrace": [
                  {
                    "endColumn": 8,
                    "endLine": 5,
                    "endOffset": 67,
                    "image": "(",
                    "startColumn": 8,
                    "startLine": 5,
                    "startOffset": 67,
                    "tokenType": {
                      "CATEGORIES": [],
                      "PATTERN": undefined,
                      "categoryMatches": [],
                      "categoryMatchesMap": {},
                      "isParent": false,
                      "name": "LBrace",
                      "tokenTypeIdx": 5,
                    },
                    "tokenTypeIdx": 5,
                  },
                ],
                "RBrace": [
                  {
                    "endColumn": 15,
                    "endLine": 5,
                    "endOffset": 74,
                    "image": ")",
                    "startColumn": 15,
                    "startLine": 5,
                    "startOffset": 74,
                    "tokenType": {
                      "CATEGORIES": [],
                      "PATTERN": undefined,
                      "categoryMatches": [],
                      "categoryMatchesMap": {},
                      "isParent": false,
                      "name": "RBrace",
                      "tokenTypeIdx": 6,
                    },
                    "tokenTypeIdx": 6,
                  },
                ],
                "attribute": [
                  {
                    "children": {
                      "Identifier": [
                        {
                          "endColumn": 14,
                          "endLine": 5,
                          "endOffset": 73,
                          "image": "unique",
                          "startColumn": 9,
                          "startLine": 5,
                          "startOffset": 68,
                          "tokenType": {
                            "CATEGORIES": [],
                            "PATTERN": undefined,
                            "categoryMatches": [],
                            "categoryMatchesMap": {},
                            "isParent": false,
                            "name": "Identifier",
                            "tokenTypeIdx": 10,
                          },
                          "tokenTypeIdx": 10,
                        },
                      ],
                    },
                    "name": "attribute",
                  },
                ],
              },
              "name": "property",
            },
            {
              "children": {
                "Colon": [
                  {
                    "endColumn": 20,
                    "endLine": 6,
                    "endOffset": 102,
                    "image": ":",
                    "startColumn": 20,
                    "startLine": 6,
                    "startOffset": 102,
                    "tokenType": {
                      "CATEGORIES": [],
                      "PATTERN": undefined,
                      "categoryMatches": [],
                      "categoryMatchesMap": {},
                      "isParent": false,
                      "name": "Colon",
                      "tokenTypeIdx": 8,
                    },
                    "tokenTypeIdx": 8,
                  },
                ],
                "Comma": [
                  {
                    "endColumn": 25,
                    "endLine": 6,
                    "endOffset": 107,
                    "image": ",",
                    "startColumn": 25,
                    "startLine": 6,
                    "startOffset": 107,
                    "tokenType": {
                      "CATEGORIES": [],
                      "PATTERN": undefined,
                      "categoryMatches": [],
                      "categoryMatchesMap": {},
                      "isParent": false,
                      "name": "Comma",
                      "tokenTypeIdx": 9,
                    },
                    "tokenTypeIdx": 9,
                  },
                ],
                "Identifier": [
                  {
                    "endColumn": 8,
                    "endLine": 6,
                    "endOffset": 90,
                    "image": "gender",
                    "startColumn": 3,
                    "startLine": 6,
                    "startOffset": 85,
                    "tokenType": {
                      "CATEGORIES": [],
                      "PATTERN": undefined,
                      "categoryMatches": [],
                      "categoryMatchesMap": {},
                      "isParent": false,
                      "name": "Identifier",
                      "tokenTypeIdx": 10,
                    },
                    "tokenTypeIdx": 10,
                  },
                  {
                    "endColumn": 24,
                    "endLine": 6,
                    "endOffset": 106,
                    "image": "int",
                    "startColumn": 22,
                    "startLine": 6,
                    "startOffset": 104,
                    "tokenType": {
                      "CATEGORIES": [],
                      "PATTERN": undefined,
                      "categoryMatches": [],
                      "categoryMatchesMap": {},
                      "isParent": false,
                      "name": "Identifier",
                      "tokenTypeIdx": 10,
                    },
                    "tokenTypeIdx": 10,
                  },
                ],
                "LBrace": [
                  {
                    "endColumn": 9,
                    "endLine": 6,
                    "endOffset": 91,
                    "image": "(",
                    "startColumn": 9,
                    "startLine": 6,
                    "startOffset": 91,
                    "tokenType": {
                      "CATEGORIES": [],
                      "PATTERN": undefined,
                      "categoryMatches": [],
                      "categoryMatchesMap": {},
                      "isParent": false,
                      "name": "LBrace",
                      "tokenTypeIdx": 5,
                    },
                    "tokenTypeIdx": 5,
                  },
                ],
                "RBrace": [
                  {
                    "endColumn": 19,
                    "endLine": 6,
                    "endOffset": 101,
                    "image": ")",
                    "startColumn": 19,
                    "startLine": 6,
                    "startOffset": 101,
                    "tokenType": {
                      "CATEGORIES": [],
                      "PATTERN": undefined,
                      "categoryMatches": [],
                      "categoryMatchesMap": {},
                      "isParent": false,
                      "name": "RBrace",
                      "tokenTypeIdx": 6,
                    },
                    "tokenTypeIdx": 6,
                  },
                ],
                "attribute": [
                  {
                    "children": {
                      "Colon": [
                        {
                          "endColumn": 17,
                          "endLine": 6,
                          "endOffset": 99,
                          "image": ":",
                          "startColumn": 17,
                          "startLine": 6,
                          "startOffset": 99,
                          "tokenType": {
                            "CATEGORIES": [],
                            "PATTERN": undefined,
                            "categoryMatches": [],
                            "categoryMatchesMap": {},
                            "isParent": false,
                            "name": "Colon",
                            "tokenTypeIdx": 8,
                          },
                          "tokenTypeIdx": 8,
                        },
                      ],
                      "Identifier": [
                        {
                          "endColumn": 16,
                          "endLine": 6,
                          "endOffset": 98,
                          "image": "default",
                          "startColumn": 10,
                          "startLine": 6,
                          "startOffset": 92,
                          "tokenType": {
                            "CATEGORIES": [],
                            "PATTERN": undefined,
                            "categoryMatches": [],
                            "categoryMatchesMap": {},
                            "isParent": false,
                            "name": "Identifier",
                            "tokenTypeIdx": 10,
                          },
                          "tokenTypeIdx": 10,
                        },
                      ],
                      "value": [
                        {
                          "children": {
                            "Number": [
                              {
                                "endColumn": 18,
                                "endLine": 6,
                                "endOffset": 100,
                                "image": "0",
                                "startColumn": 18,
                                "startLine": 6,
                                "startOffset": 100,
                                "tokenType": {
                                  "CATEGORIES": [],
                                  "PATTERN": undefined,
                                  "categoryMatches": [],
                                  "categoryMatchesMap": {},
                                  "isParent": false,
                                  "name": "Number",
                                  "tokenTypeIdx": 11,
                                },
                                "tokenTypeIdx": 11,
                              },
                            ],
                          },
                          "name": "value",
                        },
                      ],
                    },
                    "name": "attribute",
                  },
                ],
              },
              "name": "property",
            },
          ],
        },
        "name": "entry",
      },
    ],
  },
  "name": "file",
}
`;
